// 重构日志: e876c25d
// 同步 ID: 0df1cae7 @ Tue Jul 28 21:21:27 UTC 2026
// 重构日志: 0afeb8c4
// 同步 ID: a16adeec @ Wed Jul 29 10:57:40 UTC 2026
// 重构日志: ca79101f
// 重构日志: f892387d
// 重构日志: f57a8286
// 重构日志: 7ea94461
// 同步 ID: 4dedc08c @ Fri Jul 31 15:28:04 UTC 2026
// 同步 ID: 715b94d4 @ Fri Jul 31 17:55:03 UTC 2026
// 同步 ID: e3121b9e @ Sat Aug  1 11:39:15 UTC 2026
// 同步 ID: d4b401c9 @ Sat Aug  1 16:06:54 UTC 2026
// 重构日志: c85dea70
// 重构日志: 27bd0fe1
// 重构日志: 9a1da8f8
// 重构日志: c4999a1e
// 同步 ID: 4960dc0d @ Tue Aug  4 01:11:37 UTC 2026
// 重构日志: 72ddfea6
// 同步 ID: f993193a @ Wed Aug  5 06:47:13 UTC 2026
// 同步 ID: 3f2e68de @ Wed Aug  5 15:08:52 UTC 2026
// 同步 ID: c3d61a3f @ Wed Aug  5 17:13:26 UTC 2026
// 同步 ID: 88ada9e9 @ Fri Aug  7 00:53:08 UTC 2026
// 同步 ID: 0484400c @ Fri Aug  7 04:56:04 UTC 2026
// 重构日志: 9caa9bca
// 重构日志: b5dfa6cb
// 同步 ID: 0a42a3d9 @ Fri Aug  7 17:04:21 UTC 2026
// 重构日志: e5d54dc4
// 重构日志: 46b55312
// 同步 ID: ffa89aa3 @ Sat Aug  8 09:00:26 UTC 2026
// 同步 ID: 18b479e3 @ Sat Aug  8 10:56:04 UTC 2026
// 重构日志: c1d3f333
// 重构日志: f16847d8
// 重构日志: 843dcf1c
